/usr/bin/gcc -fsyntax-only .//gcd.c
/usr/bin/gcc -fsyntax-only .//gcd1.c
/usr/bin/cpp -D__FUNCTION__="<unknown>" -I /cygdrive/c/NewRVT/debug/../tools/scripts/../ansi-c-lib -x c .//gcd.c .//S0.c
/usr/bin/cpp -D__FUNCTION__="<unknown>" -I /cygdrive/c/NewRVT/debug/../tools/scripts/../ansi-c-lib -x c .//gcd1.c .//S1.c
float  rv_mult(float  x, float  y);float  rv_mult(float  x, float  y);short  rv_div_short__short_(short  x, short  y);short  rv_div_short__short_(short  x, short  y);rm: No match.
( rv_mod_short__short_, rv_mod_short__short_ ) : passed
( swap, swap ) : passed
Warning: allow UBS (-dk flag) for better check of functions with pointer argument(s).
  in: Loop_gcd_while1 (side 0) 

C:\NewRVT\test\rvtest\gcd>c:/deltacheck-trunk/branches/summary/src/summarizer/summarizer.exe .\gcd.c.rec.c --xml-ui --context-sensitive  1>Loop_gcd_while1.sum 

C:\NewRVT\test\rvtest\gcd>c:/NewRVT/tools/scripts/SummarizerParser.exe Loop_gcd_while1.sum Loop_gcd_while1.sumres 0 

C:\NewRVT\test\rvtest\gcd>c:/deltacheck-trunk/branches/summary/src/summarizer/summarizer.exe .\gcd1.c.rec.c --xml-ui --context-sensitive  1>Loop_gcd_while1.sum 

C:\NewRVT\test\rvtest\gcd>c:/NewRVT/tools/scripts/SummarizerParser.exe Loop_gcd_while1.sum Loop_gcd_while1.sumres 1 
running goto-cc Loop_gcd_while1.rv.c
running goto-instrument --div-by-zero-check --pointer-check --bounds-check --assert-to-assume a.out Loop_gcd_while1.exe
Reading GOTO program from a.out
Function Pointer Removal
Partial Inlining
Pointer Analysis
Adding Pointer Checks
Writing GOTO program to Loop_gcd_while1.exe
running cbmc --unwind 0 Loop_gcd_while1.exe
path before cbmc = /cygdrive/c/NewRVT/debug/../tools/scripts/../external/cygwin /usr/local/bin /usr/bin /cygdrive/c/Program Files (x86)/Microsoft F#/v4.0 /cygdrive/c/Program Files (x86)/Microsoft Visual Studio 10.0/VSTSDB/Deploy /cygdrive/c/Program Files (x86)/Microsoft Visual Studio 10.0/Common7/IDE /cygdrive/c/Program Files (x86)/Microsoft Visual Studio 10.0/VC/BIN /cygdrive/c/Program Files (x86)/Microsoft Visual Studio 10.0/Common7/Tools /cygdrive/c/windows/Microsoft.NET/Framework/v4.0.30319 /cygdrive/c/windows/Microsoft.NET/Framework/v3.5 /cygdrive/c/Program Files (x86)/Microsoft Visual Studio 10.0/VC/VCPackages /cygdrive/c/Program Files (x86)/HTML Help Workshop /cygdrive/c/Program Files (x86)/HTML Help Workshop /cygdrive/c/Program Files (x86)/Microsoft Visual Studio 10.0/Team Tools/Performance Tools /cygdrive/c/Program Files (x86)/Microsoft SDKs/Windows/v7.0A/bin/NETFX 4.0 Tools /cygdrive/c/Program Files (x86)/Microsoft SDKs/Windows/v7.0A/bin /cygdrive/c/Program Files/Java/jdk1.7.0_45/bin /cygdrive/c/OCaml/bin /cygdrive/c/NewRVT/tools/scripts/generated/cbmc_trunk_windows/unitrv/trunk/src /cygdrive/c/Program Files (x86)/Microsoft Visual Studio 10.0/VC/include /usr/include /cygdrive/c/Python27 /cygdrive/c/Program Files (x86)/Microsoft Visual Studio 10.0/Common7/IDE /cygdrive/c/Program Files (x86)/Microsoft Visual Studio 10.0/VC/bin /cygdrive/c/Program Files (x86)/MiKTeX 2.9/miktex/bin /cygdrive/c/Program Files (x86)/MiKTeX 2.9New/miktex/bin /usr/bin /cygdrive/c/jruby-1.6.3/bin /cygdrive/c/Program Files/Common Files/Microsoft Shared/Windows Live /cygdrive/c/Program Files (x86)/Common Files/Microsoft Shared/Windows Live /cygdrive/c/Ruby186/bin /cygdrive/c/windows/system32 /cygdrive/c/windows /cygdrive/c/windows/System32/Wbem /cygdrive/c/windows/System32/WindowsPowerShell/v1.0 /cygdrive/c/Program Files/Hewlett-Packard/Drive Encryption /cygdrive/c/Program Files (x86)/Bitvise Tunnelier /cygdrive/c/Program Files (x86)/Microsoft SQL Server/100/Tools/Binn /cygdrive/c/Program Files/Microsoft SQL Server/100/Tools/Binn /cygdrive/c/Program Files/Microsoft SQL Server/100/DTS/Binn /cygdrive/c/Program Files (x86)/Microsoft ASP.NET/ASP.NET Web Pages/v1.0 /cygdrive/c/Program Files (x86)/Windows Live/Shared /cygdrive/c/jruby-1.6.3/bin /cygdrive/c/Program Files/TortoiseSVN/bin /cygdrive/c/Program Files/doxygen/bin /cygdrive/c/Program Files/Microsoft SQL Server/110/Tools/Binn /cygdrive/c/NewRVT/tools/scripts/generated/cbmc_trunk_windows/unitrv/src /cygdrive/c/Program Files (x86)/Windows Kits/8.1/Windows Performance Toolkit /cygdrive/c/Program Files (x86)/Microsoft SDKs/TypeScript/1.0 /cygdrive/c/Program Files (x86)/Skype/Phone /cygdrive/c/Program Files (x86)/Microsoft Visual Studio 11.0/VC/bin/x86_arm /cygdrive/c/Program Files (x86)/Microsoft Visual Studio 11.0/VC/bin/x86_amd64 /cygdrive/c/Program Files (x86)/Microsoft Visual Studio 11.0/VC/bin/amd64 /cygdrive/c/Program Files (x86)/Microsoft Visual Studio 11.0/VC/bin /cygdrive/c/Program Files (x86)/Microsoft Visual Studio 10.0/VC/bin /usr/bin /cygdrive/c/jruby-1.6.3/bin C /Windows/System32/java.exe /usr/lib/lapack
/cygdrive/c/NewRVT/debug/../tools/scripts/../external/cygwin/cbmc
-- End semantic check (semchk).
the value of mutual term check: 
( Loop_gcd_while1, Loop_gcd_while1 ) : passed

C:\NewRVT\test\rvtest\gcd>c:/deltacheck-trunk/branches/summary/src/summarizer/summarizer.exe .\gcd.c.rec.c --xml-ui --context-sensitive  1>gcd.sum 

C:\NewRVT\test\rvtest\gcd>c:/NewRVT/tools/scripts/SummarizerParser.exe gcd.sum gcd.sumres 0 

C:\NewRVT\test\rvtest\gcd>c:/deltacheck-trunk/branches/summary/src/summarizer/summarizer.exe .\gcd1.c.rec.c --xml-ui --context-sensitive  1>gcd.sum 

C:\NewRVT\test\rvtest\gcd>c:/NewRVT/tools/scripts/SummarizerParser.exe gcd.sum gcd.sumres 1 
running goto-cc gcd.rv.c
running goto-instrument --div-by-zero-check --pointer-check --bounds-check --assert-to-assume a.out gcd.exe
Reading GOTO program from a.out
Function Pointer Removal
Partial Inlining
Pointer Analysis
Adding Pointer Checks
Writing GOTO program to gcd.exe
running cbmc --unwind 0 gcd.exe
path before cbmc = /cygdrive/c/NewRVT/debug/../tools/scripts/../external/cygwin /usr/local/bin /usr/bin /cygdrive/c/Program Files (x86)/Microsoft F#/v4.0 /cygdrive/c/Program Files (x86)/Microsoft Visual Studio 10.0/VSTSDB/Deploy /cygdrive/c/Program Files (x86)/Microsoft Visual Studio 10.0/Common7/IDE /cygdrive/c/Program Files (x86)/Microsoft Visual Studio 10.0/VC/BIN /cygdrive/c/Program Files (x86)/Microsoft Visual Studio 10.0/Common7/Tools /cygdrive/c/windows/Microsoft.NET/Framework/v4.0.30319 /cygdrive/c/windows/Microsoft.NET/Framework/v3.5 /cygdrive/c/Program Files (x86)/Microsoft Visual Studio 10.0/VC/VCPackages /cygdrive/c/Program Files (x86)/HTML Help Workshop /cygdrive/c/Program Files (x86)/HTML Help Workshop /cygdrive/c/Program Files (x86)/Microsoft Visual Studio 10.0/Team Tools/Performance Tools /cygdrive/c/Program Files (x86)/Microsoft SDKs/Windows/v7.0A/bin/NETFX 4.0 Tools /cygdrive/c/Program Files (x86)/Microsoft SDKs/Windows/v7.0A/bin /cygdrive/c/Program Files/Java/jdk1.7.0_45/bin /cygdrive/c/OCaml/bin /cygdrive/c/NewRVT/tools/scripts/generated/cbmc_trunk_windows/unitrv/trunk/src /cygdrive/c/Program Files (x86)/Microsoft Visual Studio 10.0/VC/include /usr/include /cygdrive/c/Python27 /cygdrive/c/Program Files (x86)/Microsoft Visual Studio 10.0/Common7/IDE /cygdrive/c/Program Files (x86)/Microsoft Visual Studio 10.0/VC/bin /cygdrive/c/Program Files (x86)/MiKTeX 2.9/miktex/bin /cygdrive/c/Program Files (x86)/MiKTeX 2.9New/miktex/bin /usr/bin /cygdrive/c/jruby-1.6.3/bin /cygdrive/c/Program Files/Common Files/Microsoft Shared/Windows Live /cygdrive/c/Program Files (x86)/Common Files/Microsoft Shared/Windows Live /cygdrive/c/Ruby186/bin /cygdrive/c/windows/system32 /cygdrive/c/windows /cygdrive/c/windows/System32/Wbem /cygdrive/c/windows/System32/WindowsPowerShell/v1.0 /cygdrive/c/Program Files/Hewlett-Packard/Drive Encryption /cygdrive/c/Program Files (x86)/Bitvise Tunnelier /cygdrive/c/Program Files (x86)/Microsoft SQL Server/100/Tools/Binn /cygdrive/c/Program Files/Microsoft SQL Server/100/Tools/Binn /cygdrive/c/Program Files/Microsoft SQL Server/100/DTS/Binn /cygdrive/c/Program Files (x86)/Microsoft ASP.NET/ASP.NET Web Pages/v1.0 /cygdrive/c/Program Files (x86)/Windows Live/Shared /cygdrive/c/jruby-1.6.3/bin /cygdrive/c/Program Files/TortoiseSVN/bin /cygdrive/c/Program Files/doxygen/bin /cygdrive/c/Program Files/Microsoft SQL Server/110/Tools/Binn /cygdrive/c/NewRVT/tools/scripts/generated/cbmc_trunk_windows/unitrv/src /cygdrive/c/Program Files (x86)/Windows Kits/8.1/Windows Performance Toolkit /cygdrive/c/Program Files (x86)/Microsoft SDKs/TypeScript/1.0 /cygdrive/c/Program Files (x86)/Skype/Phone /cygdrive/c/Program Files (x86)/Microsoft Visual Studio 11.0/VC/bin/x86_arm /cygdrive/c/Program Files (x86)/Microsoft Visual Studio 11.0/VC/bin/x86_amd64 /cygdrive/c/Program Files (x86)/Microsoft Visual Studio 11.0/VC/bin/amd64 /cygdrive/c/Program Files (x86)/Microsoft Visual Studio 11.0/VC/bin /cygdrive/c/Program Files (x86)/Microsoft Visual Studio 10.0/VC/bin /usr/bin /cygdrive/c/jruby-1.6.3/bin C /Windows/System32/java.exe /usr/lib/lapack
/cygdrive/c/NewRVT/debug/../tools/scripts/../external/cygwin/cbmc
-- End semantic check (semchk).
the value of mutual term check: 
( gcd, gcd ) : failed
( rv_div_short__short_, rv_div_short__short_ ) : passed

C:\NewRVT\test\rvtest\gcd>c:/deltacheck-trunk/branches/summary/src/summarizer/summarizer.exe .\gcd.c.rec.c --xml-ui --context-sensitive  1>simplify.sum 

C:\NewRVT\test\rvtest\gcd>c:/NewRVT/tools/scripts/SummarizerParser.exe simplify.sum simplify.sumres 0 

C:\NewRVT\test\rvtest\gcd>c:/deltacheck-trunk/branches/summary/src/summarizer/summarizer.exe .\gcd1.c.rec.c --xml-ui --context-sensitive  1>simplify.sum 

C:\NewRVT\test\rvtest\gcd>c:/NewRVT/tools/scripts/SummarizerParser.exe simplify.sum simplify.sumres 1 
running goto-cc simplify.rv.c
running goto-instrument --div-by-zero-check --pointer-check --bounds-check --assert-to-assume a.out simplify.exe
Reading GOTO program from a.out
Function Pointer Removal
Partial Inlining
Pointer Analysis
Adding Pointer Checks
Writing GOTO program to simplify.exe
running cbmc --unwind 0 simplify.exe
path before cbmc = /cygdrive/c/NewRVT/debug/../tools/scripts/../external/cygwin /usr/local/bin /usr/bin /cygdrive/c/Program Files (x86)/Microsoft F#/v4.0 /cygdrive/c/Program Files (x86)/Microsoft Visual Studio 10.0/VSTSDB/Deploy /cygdrive/c/Program Files (x86)/Microsoft Visual Studio 10.0/Common7/IDE /cygdrive/c/Program Files (x86)/Microsoft Visual Studio 10.0/VC/BIN /cygdrive/c/Program Files (x86)/Microsoft Visual Studio 10.0/Common7/Tools /cygdrive/c/windows/Microsoft.NET/Framework/v4.0.30319 /cygdrive/c/windows/Microsoft.NET/Framework/v3.5 /cygdrive/c/Program Files (x86)/Microsoft Visual Studio 10.0/VC/VCPackages /cygdrive/c/Program Files (x86)/HTML Help Workshop /cygdrive/c/Program Files (x86)/HTML Help Workshop /cygdrive/c/Program Files (x86)/Microsoft Visual Studio 10.0/Team Tools/Performance Tools /cygdrive/c/Program Files (x86)/Microsoft SDKs/Windows/v7.0A/bin/NETFX 4.0 Tools /cygdrive/c/Program Files (x86)/Microsoft SDKs/Windows/v7.0A/bin /cygdrive/c/Program Files/Java/jdk1.7.0_45/bin /cygdrive/c/OCaml/bin /cygdrive/c/NewRVT/tools/scripts/generated/cbmc_trunk_windows/unitrv/trunk/src /cygdrive/c/Program Files (x86)/Microsoft Visual Studio 10.0/VC/include /usr/include /cygdrive/c/Python27 /cygdrive/c/Program Files (x86)/Microsoft Visual Studio 10.0/Common7/IDE /cygdrive/c/Program Files (x86)/Microsoft Visual Studio 10.0/VC/bin /cygdrive/c/Program Files (x86)/MiKTeX 2.9/miktex/bin /cygdrive/c/Program Files (x86)/MiKTeX 2.9New/miktex/bin /usr/bin /cygdrive/c/jruby-1.6.3/bin /cygdrive/c/Program Files/Common Files/Microsoft Shared/Windows Live /cygdrive/c/Program Files (x86)/Common Files/Microsoft Shared/Windows Live /cygdrive/c/Ruby186/bin /cygdrive/c/windows/system32 /cygdrive/c/windows /cygdrive/c/windows/System32/Wbem /cygdrive/c/windows/System32/WindowsPowerShell/v1.0 /cygdrive/c/Program Files/Hewlett-Packard/Drive Encryption /cygdrive/c/Program Files (x86)/Bitvise Tunnelier /cygdrive/c/Program Files (x86)/Microsoft SQL Server/100/Tools/Binn /cygdrive/c/Program Files/Microsoft SQL Server/100/Tools/Binn /cygdrive/c/Program Files/Microsoft SQL Server/100/DTS/Binn /cygdrive/c/Program Files (x86)/Microsoft ASP.NET/ASP.NET Web Pages/v1.0 /cygdrive/c/Program Files (x86)/Windows Live/Shared /cygdrive/c/jruby-1.6.3/bin /cygdrive/c/Program Files/TortoiseSVN/bin /cygdrive/c/Program Files/doxygen/bin /cygdrive/c/Program Files/Microsoft SQL Server/110/Tools/Binn /cygdrive/c/NewRVT/tools/scripts/generated/cbmc_trunk_windows/unitrv/src /cygdrive/c/Program Files (x86)/Windows Kits/8.1/Windows Performance Toolkit /cygdrive/c/Program Files (x86)/Microsoft SDKs/TypeScript/1.0 /cygdrive/c/Program Files (x86)/Skype/Phone /cygdrive/c/Program Files (x86)/Microsoft Visual Studio 11.0/VC/bin/x86_arm /cygdrive/c/Program Files (x86)/Microsoft Visual Studio 11.0/VC/bin/x86_amd64 /cygdrive/c/Program Files (x86)/Microsoft Visual Studio 11.0/VC/bin/amd64 /cygdrive/c/Program Files (x86)/Microsoft Visual Studio 11.0/VC/bin /cygdrive/c/Program Files (x86)/Microsoft Visual Studio 10.0/VC/bin /usr/bin /cygdrive/c/jruby-1.6.3/bin C /Windows/System32/java.exe /usr/lib/lapack
/cygdrive/c/NewRVT/debug/../tools/scripts/../external/cygwin/cbmc
-- End semantic check (semchk).
the value of mutual term check: 
( simplify, simplify ) : passed

C:\NewRVT\test\rvtest\gcd>c:/deltacheck-trunk/branches/summary/src/summarizer/summarizer.exe .\gcd.c.rec.c --xml-ui --context-sensitive  1>main.sum 

C:\NewRVT\test\rvtest\gcd>c:/NewRVT/tools/scripts/SummarizerParser.exe main.sum main.sumres 0 

C:\NewRVT\test\rvtest\gcd>c:/deltacheck-trunk/branches/summary/src/summarizer/summarizer.exe .\gcd1.c.rec.c --xml-ui --context-sensitive  1>main.sum 

C:\NewRVT\test\rvtest\gcd>c:/NewRVT/tools/scripts/SummarizerParser.exe main.sum main.sumres 1 
running goto-cc main.rv.c
running goto-instrument --div-by-zero-check --pointer-check --bounds-check --assert-to-assume a.out main.exe
Reading GOTO program from a.out
Function Pointer Removal
Partial Inlining
Pointer Analysis
Adding Pointer Checks
Writing GOTO program to main.exe
running cbmc --unwind 0 main.exe
path before cbmc = /cygdrive/c/NewRVT/debug/../tools/scripts/../external/cygwin /usr/local/bin /usr/bin /cygdrive/c/Program Files (x86)/Microsoft F#/v4.0 /cygdrive/c/Program Files (x86)/Microsoft Visual Studio 10.0/VSTSDB/Deploy /cygdrive/c/Program Files (x86)/Microsoft Visual Studio 10.0/Common7/IDE /cygdrive/c/Program Files (x86)/Microsoft Visual Studio 10.0/VC/BIN /cygdrive/c/Program Files (x86)/Microsoft Visual Studio 10.0/Common7/Tools /cygdrive/c/windows/Microsoft.NET/Framework/v4.0.30319 /cygdrive/c/windows/Microsoft.NET/Framework/v3.5 /cygdrive/c/Program Files (x86)/Microsoft Visual Studio 10.0/VC/VCPackages /cygdrive/c/Program Files (x86)/HTML Help Workshop /cygdrive/c/Program Files (x86)/HTML Help Workshop /cygdrive/c/Program Files (x86)/Microsoft Visual Studio 10.0/Team Tools/Performance Tools /cygdrive/c/Program Files (x86)/Microsoft SDKs/Windows/v7.0A/bin/NETFX 4.0 Tools /cygdrive/c/Program Files (x86)/Microsoft SDKs/Windows/v7.0A/bin /cygdrive/c/Program Files/Java/jdk1.7.0_45/bin /cygdrive/c/OCaml/bin /cygdrive/c/NewRVT/tools/scripts/generated/cbmc_trunk_windows/unitrv/trunk/src /cygdrive/c/Program Files (x86)/Microsoft Visual Studio 10.0/VC/include /usr/include /cygdrive/c/Python27 /cygdrive/c/Program Files (x86)/Microsoft Visual Studio 10.0/Common7/IDE /cygdrive/c/Program Files (x86)/Microsoft Visual Studio 10.0/VC/bin /cygdrive/c/Program Files (x86)/MiKTeX 2.9/miktex/bin /cygdrive/c/Program Files (x86)/MiKTeX 2.9New/miktex/bin /usr/bin /cygdrive/c/jruby-1.6.3/bin /cygdrive/c/Program Files/Common Files/Microsoft Shared/Windows Live /cygdrive/c/Program Files (x86)/Common Files/Microsoft Shared/Windows Live /cygdrive/c/Ruby186/bin /cygdrive/c/windows/system32 /cygdrive/c/windows /cygdrive/c/windows/System32/Wbem /cygdrive/c/windows/System32/WindowsPowerShell/v1.0 /cygdrive/c/Program Files/Hewlett-Packard/Drive Encryption /cygdrive/c/Program Files (x86)/Bitvise Tunnelier /cygdrive/c/Program Files (x86)/Microsoft SQL Server/100/Tools/Binn /cygdrive/c/Program Files/Microsoft SQL Server/100/Tools/Binn /cygdrive/c/Program Files/Microsoft SQL Server/100/DTS/Binn /cygdrive/c/Program Files (x86)/Microsoft ASP.NET/ASP.NET Web Pages/v1.0 /cygdrive/c/Program Files (x86)/Windows Live/Shared /cygdrive/c/jruby-1.6.3/bin /cygdrive/c/Program Files/TortoiseSVN/bin /cygdrive/c/Program Files/doxygen/bin /cygdrive/c/Program Files/Microsoft SQL Server/110/Tools/Binn /cygdrive/c/NewRVT/tools/scripts/generated/cbmc_trunk_windows/unitrv/src /cygdrive/c/Program Files (x86)/Windows Kits/8.1/Windows Performance Toolkit /cygdrive/c/Program Files (x86)/Microsoft SDKs/TypeScript/1.0 /cygdrive/c/Program Files (x86)/Skype/Phone /cygdrive/c/Program Files (x86)/Microsoft Visual Studio 11.0/VC/bin/x86_arm /cygdrive/c/Program Files (x86)/Microsoft Visual Studio 11.0/VC/bin/x86_amd64 /cygdrive/c/Program Files (x86)/Microsoft Visual Studio 11.0/VC/bin/amd64 /cygdrive/c/Program Files (x86)/Microsoft Visual Studio 11.0/VC/bin /cygdrive/c/Program Files (x86)/Microsoft Visual Studio 10.0/VC/bin /usr/bin /cygdrive/c/jruby-1.6.3/bin C /Windows/System32/java.exe /usr/lib/lapack
/cygdrive/c/NewRVT/debug/../tools/scripts/../external/cygwin/cbmc
-- End semantic check (semchk).
the value of mutual term check: 
( main, main ) : passed
Output graph written to rv_out.gv
